Router>en
Router#conf t
Enter configuration commands, one per line.  End with CNTL/Z.
Router(config)#interface fastEthernet 0/0
Router(config-if)#ip address 192.168.1.1 255.255.255.0
Router(config-if)#no shutdown

Router(config-if)#
%LINK-5-CHANGED: Interface FastEthernet0/0, changed state to up

%LINEPROTO-5-UPDOWN: Line protocol on Interface FastEthernet0/0, changed state to up

Router(config-if)#exit
Router(config)#interface fastEthernet 0/1
Router(config-if)#ip address 192.168.1.2 255.255.0
                                         ^
% Invalid input detected at '^' marker.
	
Router(config-if)#ip add 192.168.1.2 255.255.255.0
% 192.168.1.0 overlaps with FastEthernet0/0
Router(config-if)#no shutdown
% 192.168.1.0 overlaps with FastEthernet0/0
FastEthernet0/1: incorrect IP address assignment
Router(config-if)#exit
Router(config)#interface fastEthernet o/1
                                      ^
% Invalid input detected at '^' marker.
	
Router(config)#interface fastEthernet 0/1
Router(config-if)#ip add 192.168.2.1 255.255.255.0
Router(config-if)#no shutdown

Router(config-if)#
%LINK-5-CHANGED: Interface FastEthernet0/1, changed state to up

%LINEPROTO-5-UPDOWN: Line protocol on Interface FastEthernet0/1, changed state to up

Router(config-if)#exit
Router(config)#interface fastEthernet 1/0
Router(config-if)#ip add 192.168.3.1 255.255.255.0
Router(config-if)#no shut

Router(config-if)#
%LINK-5-CHANGED: Interface FastEthernet1/0, changed state to up

%LINEPROTO-5-UPDOWN: Line protocol on Interface FastEthernet1/0, changed state to up

Router(config-if)#exit
Router(config)#ip dhcp pool ice1
Router(dhcp-config)#network 192.168.1.0 255.255.255.0
Router(dhcp-config)#default-router 192.168.1.1 255.255.255.0
                                               ^
% Invalid input detected at '^' marker.
	
Router(dhcp-config)#default-router 192.168.1.1
Router(dhcp-config)#exit
Router(config)#ip dhcp pool ice2
Router(dhcp-config)#network 192.168.2.0 255.255.255.0
Router(dhcp-config)#default-router 192.168.2.1
Router(dhcp-config)#exit
Router(config)#ip dhcp pool ice3
Router(dhcp-config)#network 192.168.3.0 255.255.255.0
Router(dhcp-config)#default-router 192.168.3.1
Router(dhcp-config)#exit
Router(config)#exit
Router#
%SYS-5-CONFIG_I: Configured from console by console

Router#wr
Building configuration...
[OK]
Router#
