router 2
Router>en
Router#conf t
Enter configuration commands, one per line.  End with CNTL/Z.
Router(config)#interface fastEthernet 0/0
Router(config-if)#ip add 192.168.3.1
% Incomplete command.
Router(config-if)#ip add 192.168.3.1 255.255.255.0
Router(config-if)#no shut

Router(config-if)#
%LINK-5-CHANGED: Interface FastEthernet0/0, changed state to up

%LINEPROTO-5-UPDOWN: Line protocol on Interface FastEthernet0/0, changed state to up

Router(config-if)#exit
Router(config)#interface fastEthernet 0/1
Router(config-if)#ip add 192.168.4.1 255.255.255.0
Router(config-if)#no shut

Router(config-if)#
%LINK-5-CHANGED: Interface FastEthernet0/1, changed state to up

%LINEPROTO-5-UPDOWN: Line protocol on Interface FastEthernet0/1, changed state to up

Router(config-if)#exit
Router(config)#interface fastEthernet 1/0
Router(config-if)#ip add 192.168.9.2 255.255.255.0
Router(config-if)#no shut

Router(config-if)#
%LINK-5-CHANGED: Interface FastEthernet1/0, changed state to up

%LINEPROTO-5-UPDOWN: Line protocol on Interface FastEthernet1/0, changed state to up

Router(config-if)#exit
Router(config)#interface fastEthernet 1/1
Router(config-if)#ip add 192.168.10.1 255.255.255.0
Router(config-if)#no shut

Router(config-if)#
%LINK-5-CHANGED: Interface FastEthernet1/1, changed state to up

Router(config-if)#exit
Router(config)#
%LINEPROTO-5-UPDOWN: Line protocol on Interface FastEthernet1/1, changed state to up









Router con0 is now available






Press RETURN to get started.













Router>en
Router#conf t
Enter configuration commands, one per line.  End with CNTL/Z.
Router(config)#router RIP
Router(config-router)#version 2
Router(config-router)#net 192.168.3.0
Router(config-router)#net 192.168.4.0
Router(config-router)#net 192.168.9.0
Router(config-router)#net 192.168.10.0
Router(config-router)#exit
Router(config)#exit
Router#
%SYS-5-CONFIG_I: Configured from console by console

Router#wr
Building configuration...
[OK]
Router#

router 4
Router>en
Router#conf t
Enter configuration commands, one per line.  End with CNTL/Z.
Router(config)#interface fastEthernet o/o
                                      ^
% Invalid input detected at '^' marker.
	
Router(config)#
Router(config)#interface fastEthernet 0/0
Router(config-if)#ip add 192.168.7.1 255.255.255.0
Router(config-if)#no shut

Router(config-if)#
%LINK-5-CHANGED: Interface FastEthernet0/0, changed state to up

%LINEPROTO-5-UPDOWN: Line protocol on Interface FastEthernet0/0, changed state to up

Router(config-if)#exit
Router(config)#interface fastEthernet 0/1
Router(config-if)#ip add 192.168.8.1 255.255.255.0
Router(config-if)#no shut

Router(config-if)#
%LINK-5-CHANGED: Interface FastEthernet0/1, changed state to up

%LINEPROTO-5-UPDOWN: Line protocol on Interface FastEthernet0/1, changed state to up

Router(config-if)#exit
Router(config)#interface fastEthernet 1/0
Router(config-if)#ip add 192.168.11.2 255.255.255.0
Router(config-if)#no shut

Router(config-if)#
%LINK-5-CHANGED: Interface FastEthernet1/0, changed state to up

%LINEPROTO-5-UPDOWN: Line protocol on Interface FastEthernet1/0, changed state to up

Router(config-if)#exit
Router(config)#router RIP
Router(config-router)#version 2
Router(config-router)#net 192.168.7.0
Router(config-router)#net 192.168.8.0
Router(config-router)#net 192.168.11.0
Router(config-router)#exit
Router(config)#exit
Router#
%SYS-5-CONFIG_I: Configured from console by console

Router#wr
Building configuration...
[OK]
Router#
