router 3
Switch>en
Switch#conf t
Enter configuration commands, one per line.  End with CNTL/Z.
Switch(config)#vlan 30
Switch(config-vlan)#name SHAMA
Switch(config-vlan)#exit
Switch(config)#vlan 40
Switch(config-vlan)#name SHANTO
Switch(config-vlan)#exit
Switch(config)#interface range fastEthernet 0/1-2
Switch(config-if-range)#switchport access vlan 30
Switch(config-if-range)#exit
Switch(config)#interface fastEthernet 0/3
Switch(config-if)#switchport access vlan 40
Switch(config-if)#exit
Switch(config)#interface range fastEthernet 0/4-5
Switch(config-if-range)#switchport mode trunk

Switch(config-if-range)#
%LINEPROTO-5-UPDOWN: Line protocol on Interface FastEthernet0/5, changed state to down

%LINEPROTO-5-UPDOWN: Line protocol on Interface FastEthernet0/5, changed state to up

Switch(config-if-range)#exit
Switch(config)#interface fastEthernet 0/1-3
                                        ^
% Invalid input detected at '^' marker.
	
Switch(config)#interface range fastEthernet 0/1-3
Switch(config-if-range)#switchport mode access
Switch(config-if-range)#exit
Switch(config)#


  router 1
  Switch>en
Switch#conf t
Enter configuration commands, one per line.  End with CNTL/Z.
Switch(config)#vlan 10
Switch(config-vlan)#name IT
Switch(config-vlan)#exit
Switch(config)#vlan 20
Switch(config-vlan)#name HR
Switch(config-vlan)#exit
Switch(config)#interface fastEthernet 0/1
Switch(config-if)#switchport access vlan 10
Switch(config-if)#exit
Switch(config)#interface fastEthernet 0/2
Switch(config-if)#switchport access vlan 10
Switch(config-if)#exit
Switch(config)#interface fastEthernet 0/3
Switch(config-if)#switchport access vlan 20
Switch(config-if)#exit
Switch(config)#
%LINK-5-CHANGED: Interface FastEthernet0/4, changed state to up

%LINEPROTO-5-UPDOWN: Line protocol on Interface FastEthernet0/4, changed state to up

Switch(config)#interface fastEthernet 0/4
Switch(config-if)#switchport mode trunk

Switch(config-if)#
%LINEPROTO-5-UPDOWN: Line protocol on Interface FastEthernet0/4, changed state to down

%LINEPROTO-5-UPDOWN: Line protocol on Interface FastEthernet0/4, changed state to up

Switch(config-if)#exit
Switch(config)#interface range fastEthernet 0/1-3
Switch(config-if-range)#switchport mode access
Switch(config-if-range)#exit
Switch(config)#









